Profundidade da sol: 0
Profundidade da sol: 1
Profundidade da sol: 1
Profundidade da sol: 3
Nao existe sol
Profundidade da sol: 1
Nao existe sol
Nao existe sol
Nao existe sol
Nao existe sol
Profundidade da sol: 5
Nao existe sol
Nao existe sol
Profundidade da sol: 7
Profundidade da sol: 9
Profundidade da sol: 11